[2025-11-21T15:05:00.103+0100][gc,init] CardTable entry size: 512
[2025-11-21T15:05:00.103+0100][gc     ] Using G1
[2025-11-21T15:05:00.103+0100][gc,init] Version: 21.0.8+9-LTS (release)
[2025-11-21T15:05:00.103+0100][gc,init] CPUs: 14 total, 14 available
[2025-11-21T15:05:00.103+0100][gc,init] Memory: 24576M
[2025-11-21T15:05:00.103+0100][gc,init] Large Page Support: Disabled
[2025-11-21T15:05:00.103+0100][gc,init] NUMA Support: Disabled
[2025-11-21T15:05:00.103+0100][gc,init] Compressed Oops: Enabled (Zero based)
[2025-11-21T15:05:00.103+0100][gc,init] Heap Region Size: 1M
[2025-11-21T15:05:00.103+0100][gc,init] Heap Min Capacity: 1G
[2025-11-21T15:05:00.103+0100][gc,init] Heap Initial Capacity: 1G
[2025-11-21T15:05:00.103+0100][gc,init] Heap Max Capacity: 1G
[2025-11-21T15:05:00.103+0100][gc,init] Pre-touch: Disabled
[2025-11-21T15:05:00.103+0100][gc,init] Parallel Workers: 11
[2025-11-21T15:05:00.103+0100][gc,init] Concurrent Workers: 3
[2025-11-21T15:05:00.103+0100][gc,init] Concurrent Refinement Workers: 11
[2025-11-21T15:05:00.104+0100][gc,init] Periodic GC: Disabled
[2025-11-21T15:05:00.106+0100][gc,metaspace] CDS archive(s) mapped at: [0x0000007000000000-0x0000007000c9c000-0x0000007000c9c000), size 13221888, SharedBaseAddress: 0x0000007000000000, ArchiveRelocationMode: 1.
[2025-11-21T15:05:00.106+0100][gc,metaspace] Compressed class space mapped at: 0x0000007001000000-0x0000007041000000, reserved size: 1073741824
[2025-11-21T15:05:00.106+0100][gc,metaspace] Narrow klass base: 0x0000007000000000, Narrow klass shift: 0, Narrow klass range: 0x100000000
[2025-11-21T15:05:05.434+0100][gc,start    ] GC(0) Pause Young (Normal) (G1 Evacuation Pause)
[2025-11-21T15:05:05.434+0100][gc,task     ] GC(0) Using 11 workers of 11 for evacuation
[2025-11-21T15:05:05.436+0100][gc,phases   ] GC(0)   Pre Evacuate Collection Set: 0.2ms
[2025-11-21T15:05:05.437+0100][gc,phases   ] GC(0)   Merge Heap Roots: 0.0ms
[2025-11-21T15:05:05.437+0100][gc,phases   ] GC(0)   Evacuate Collection Set: 1.6ms
[2025-11-21T15:05:05.437+0100][gc,phases   ] GC(0)   Post Evacuate Collection Set: 0.2ms
[2025-11-21T15:05:05.437+0100][gc,phases   ] GC(0)   Other: 0.3ms
[2025-11-21T15:05:05.437+0100][gc,heap     ] GC(0) Eden regions: 51->0(44)
[2025-11-21T15:05:05.437+0100][gc,heap     ] GC(0) Survivor regions: 0->7(7)
[2025-11-21T15:05:05.437+0100][gc,heap     ] GC(0) Old regions: 2->4
[2025-11-21T15:05:05.437+0100][gc,heap     ] GC(0) Humongous regions: 0->0
[2025-11-21T15:05:05.437+0100][gc,metaspace] GC(0) Metaspace: 15542K(15808K)->15542K(15808K) NonClass: 13797K(13952K)->13797K(13952K) Class: 1745K(1856K)->1745K(1856K)
[2025-11-21T15:05:05.437+0100][gc          ] GC(0) Pause Young (Normal) (G1 Evacuation Pause) 52M->9M(1024M) 2.420ms
[2025-11-21T15:05:05.437+0100][gc,cpu      ] GC(0) User=0.01s Sys=0.00s Real=0.00s
[2025-11-21T15:05:05.521+0100][gc,start    ] GC(1) Pause Young (Concurrent Start) (Metadata GC Threshold)
[2025-11-21T15:05:05.521+0100][gc,task     ] GC(1) Using 11 workers of 11 for evacuation
[2025-11-21T15:05:05.522+0100][gc,phases   ] GC(1)   Pre Evacuate Collection Set: 0.1ms
[2025-11-21T15:05:05.522+0100][gc,phases   ] GC(1)   Merge Heap Roots: 0.0ms
[2025-11-21T15:05:05.522+0100][gc,phases   ] GC(1)   Evacuate Collection Set: 0.9ms
[2025-11-21T15:05:05.522+0100][gc,phases   ] GC(1)   Post Evacuate Collection Set: 0.2ms
[2025-11-21T15:05:05.522+0100][gc,phases   ] GC(1)   Other: 0.0ms
[2025-11-21T15:05:05.522+0100][gc,heap     ] GC(1) Eden regions: 18->0(49)
[2025-11-21T15:05:05.522+0100][gc,heap     ] GC(1) Survivor regions: 7->2(7)
[2025-11-21T15:05:05.522+0100][gc,heap     ] GC(1) Old regions: 4->11
[2025-11-21T15:05:05.522+0100][gc,heap     ] GC(1) Humongous regions: 0->0
[2025-11-21T15:05:05.522+0100][gc,metaspace] GC(1) Metaspace: 21291K(21504K)->21291K(21504K) NonClass: 18710K(18816K)->18710K(18816K) Class: 2580K(2688K)->2580K(2688K)
[2025-11-21T15:05:05.522+0100][gc          ] GC(1) Pause Young (Concurrent Start) (Metadata GC Threshold) 26M->10M(1024M) 1.345ms
[2025-11-21T15:05:05.522+0100][gc          ] GC(2) Concurrent Mark Cycle
[2025-11-21T15:05:05.522+0100][gc,cpu      ] GC(1) User=0.01s Sys=0.00s Real=0.00s
[2025-11-21T15:05:05.522+0100][gc,marking  ] GC(2) Concurrent Scan Root Regions
[2025-11-21T15:05:05.523+0100][gc,marking  ] GC(2) Concurrent Scan Root Regions 0.703ms
[2025-11-21T15:05:05.523+0100][gc,marking  ] GC(2) Concurrent Mark
[2025-11-21T15:05:05.523+0100][gc,marking  ] GC(2) Concurrent Mark From Roots
[2025-11-21T15:05:05.523+0100][gc,task     ] GC(2) Using 3 workers of 3 for marking
[2025-11-21T15:05:05.523+0100][gc,marking  ] GC(2) Concurrent Mark From Roots 0.538ms
[2025-11-21T15:05:05.523+0100][gc,marking  ] GC(2) Concurrent Preclean
[2025-11-21T15:05:05.523+0100][gc,marking  ] GC(2) Concurrent Preclean 0.004ms
[2025-11-21T15:05:05.523+0100][gc,start    ] GC(2) Pause Remark
[2025-11-21T15:05:05.524+0100][gc          ] GC(2) Pause Remark 11M->11M(1024M) 0.901ms
[2025-11-21T15:05:05.524+0100][gc,cpu      ] GC(2) User=0.01s Sys=0.00s Real=0.00s
[2025-11-21T15:05:05.524+0100][gc,marking  ] GC(2) Concurrent Mark 1.520ms
[2025-11-21T15:05:05.524+0100][gc,marking  ] GC(2) Concurrent Rebuild Remembered Sets and Scrub Regions
[2025-11-21T15:05:05.525+0100][gc,marking  ] GC(2) Concurrent Rebuild Remembered Sets and Scrub Regions 0.600ms
[2025-11-21T15:05:05.525+0100][gc,start    ] GC(2) Pause Cleanup
[2025-11-21T15:05:05.525+0100][gc          ] GC(2) Pause Cleanup 11M->11M(1024M) 0.067ms
[2025-11-21T15:05:05.525+0100][gc,cpu      ] GC(2) User=0.00s Sys=0.00s Real=0.00s
[2025-11-21T15:05:05.525+0100][gc,marking  ] GC(2) Concurrent Clear Claimed Marks
[2025-11-21T15:05:05.525+0100][gc,marking  ] GC(2) Concurrent Clear Claimed Marks 0.008ms
[2025-11-21T15:05:05.525+0100][gc,marking  ] GC(2) Concurrent Cleanup for Next Mark
[2025-11-21T15:05:05.526+0100][gc,marking  ] GC(2) Concurrent Cleanup for Next Mark 0.709ms
[2025-11-21T15:05:05.526+0100][gc          ] GC(2) Concurrent Mark Cycle 3.708ms
[2025-11-21T15:05:05.782+0100][gc,start    ] GC(3) Pause Young (Prepare Mixed) (G1 Evacuation Pause)
[2025-11-21T15:05:05.782+0100][gc,task     ] GC(3) Using 11 workers of 11 for evacuation
[2025-11-21T15:05:05.783+0100][gc,phases   ] GC(3)   Pre Evacuate Collection Set: 0.1ms
[2025-11-21T15:05:05.783+0100][gc,phases   ] GC(3)   Merge Heap Roots: 0.0ms
[2025-11-21T15:05:05.783+0100][gc,phases   ] GC(3)   Evacuate Collection Set: 0.9ms
[2025-11-21T15:05:05.783+0100][gc,phases   ] GC(3)   Post Evacuate Collection Set: 0.2ms
[2025-11-21T15:05:05.783+0100][gc,phases   ] GC(3)   Other: 0.0ms
[2025-11-21T15:05:05.783+0100][gc,heap     ] GC(3) Eden regions: 49->0(45)
[2025-11-21T15:05:05.783+0100][gc,heap     ] GC(3) Survivor regions: 2->6(7)
[2025-11-21T15:05:05.783+0100][gc,heap     ] GC(3) Old regions: 11->11
[2025-11-21T15:05:05.783+0100][gc,heap     ] GC(3) Humongous regions: 0->0
[2025-11-21T15:05:05.783+0100][gc,metaspace] GC(3) Metaspace: 34069K(34496K)->34069K(34496K) NonClass: 30157K(30400K)->30157K(30400K) Class: 3911K(4096K)->3911K(4096K)
[2025-11-21T15:05:05.783+0100][gc          ] GC(3) Pause Young (Prepare Mixed) (G1 Evacuation Pause) 59M->15M(1024M) 1.381ms
[2025-11-21T15:05:05.783+0100][gc,cpu      ] GC(3) User=0.01s Sys=0.00s Real=0.00s
[2025-11-21T15:05:05.821+0100][gc,start    ] GC(4) Pause Young (Mixed) (Metadata GC Threshold)
[2025-11-21T15:05:05.821+0100][gc,task     ] GC(4) Using 11 workers of 11 for evacuation
[2025-11-21T15:05:05.822+0100][gc,phases   ] GC(4)   Pre Evacuate Collection Set: 0.1ms
[2025-11-21T15:05:05.822+0100][gc,phases   ] GC(4)   Merge Heap Roots: 0.0ms
[2025-11-21T15:05:05.822+0100][gc,phases   ] GC(4)   Evacuate Collection Set: 0.9ms
[2025-11-21T15:05:05.822+0100][gc,phases   ] GC(4)   Post Evacuate Collection Set: 0.1ms
[2025-11-21T15:05:05.822+0100][gc,phases   ] GC(4)   Other: 0.0ms
[2025-11-21T15:05:05.822+0100][gc,heap     ] GC(4) Eden regions: 7->0(49)
[2025-11-21T15:05:05.822+0100][gc,heap     ] GC(4) Survivor regions: 6->2(7)
[2025-11-21T15:05:05.822+0100][gc,heap     ] GC(4) Old regions: 11->15
[2025-11-21T15:05:05.822+0100][gc,heap     ] GC(4) Humongous regions: 9->9
[2025-11-21T15:05:05.822+0100][gc,metaspace] GC(4) Metaspace: 35475K(35968K)->35475K(35968K) NonClass: 31354K(31616K)->31354K(31616K) Class: 4121K(4352K)->4121K(4352K)
[2025-11-21T15:05:05.822+0100][gc          ] GC(4) Pause Young (Mixed) (Metadata GC Threshold) 30M->24M(1024M) 1.213ms
[2025-11-21T15:05:05.822+0100][gc,cpu      ] GC(4) User=0.01s Sys=0.00s Real=0.00s
[2025-11-21T15:05:05.829+0100][gc,start    ] GC(5) Pause Young (Concurrent Start) (Metadata GC Threshold)
[2025-11-21T15:05:05.829+0100][gc,task     ] GC(5) Using 11 workers of 11 for evacuation
[2025-11-21T15:05:05.829+0100][gc,phases   ] GC(5)   Pre Evacuate Collection Set: 0.1ms
[2025-11-21T15:05:05.829+0100][gc,phases   ] GC(5)   Merge Heap Roots: 0.0ms
[2025-11-21T15:05:05.829+0100][gc,phases   ] GC(5)   Evacuate Collection Set: 0.3ms
[2025-11-21T15:05:05.829+0100][gc,phases   ] GC(5)   Post Evacuate Collection Set: 0.1ms
[2025-11-21T15:05:05.829+0100][gc,phases   ] GC(5)   Other: 0.0ms
[2025-11-21T15:05:05.829+0100][gc,heap     ] GC(5) Eden regions: 2->0(50)
[2025-11-21T15:05:05.829+0100][gc,heap     ] GC(5) Survivor regions: 2->1(7)
[2025-11-21T15:05:05.829+0100][gc,heap     ] GC(5) Old regions: 15->15
[2025-11-21T15:05:05.829+0100][gc,heap     ] GC(5) Humongous regions: 9->9
[2025-11-21T15:05:05.829+0100][gc,metaspace] GC(5) Metaspace: 35839K(36288K)->35839K(36288K) NonClass: 31681K(31936K)->31681K(31936K) Class: 4158K(4352K)->4158K(4352K)
[2025-11-21T15:05:05.829+0100][gc          ] GC(5) Pause Young (Concurrent Start) (Metadata GC Threshold) 26M->24M(1024M) 0.631ms
[2025-11-21T15:05:05.829+0100][gc          ] GC(6) Concurrent Mark Cycle
[2025-11-21T15:05:05.829+0100][gc,cpu      ] GC(5) User=0.01s Sys=0.00s Real=0.00s
[2025-11-21T15:05:05.829+0100][gc,marking  ] GC(6) Concurrent Scan Root Regions
[2025-11-21T15:05:05.830+0100][gc,marking  ] GC(6) Concurrent Scan Root Regions 0.319ms
[2025-11-21T15:05:05.830+0100][gc,marking  ] GC(6) Concurrent Mark
[2025-11-21T15:05:05.830+0100][gc,marking  ] GC(6) Concurrent Mark From Roots
[2025-11-21T15:05:05.830+0100][gc,task     ] GC(6) Using 3 workers of 3 for marking
[2025-11-21T15:05:05.833+0100][gc,marking  ] GC(6) Concurrent Mark From Roots 3.079ms
[2025-11-21T15:05:05.833+0100][gc,marking  ] GC(6) Concurrent Preclean
[2025-11-21T15:05:05.833+0100][gc,marking  ] GC(6) Concurrent Preclean 0.025ms
[2025-11-21T15:05:05.833+0100][gc,start    ] GC(6) Pause Remark
[2025-11-21T15:05:05.834+0100][gc          ] GC(6) Pause Remark 26M->26M(1024M) 0.880ms
[2025-11-21T15:05:05.834+0100][gc,cpu      ] GC(6) User=0.00s Sys=0.00s Real=0.00s
[2025-11-21T15:05:05.834+0100][gc,marking  ] GC(6) Concurrent Mark 4.572ms
[2025-11-21T15:05:05.834+0100][gc,marking  ] GC(6) Concurrent Rebuild Remembered Sets and Scrub Regions
[2025-11-21T15:05:05.836+0100][gc,marking  ] GC(6) Concurrent Rebuild Remembered Sets and Scrub Regions 1.174ms
[2025-11-21T15:05:05.836+0100][gc,start    ] GC(6) Pause Cleanup
[2025-11-21T15:05:05.836+0100][gc          ] GC(6) Pause Cleanup 27M->27M(1024M) 0.056ms
[2025-11-21T15:05:05.836+0100][gc,cpu      ] GC(6) User=0.00s Sys=0.01s Real=0.00s
[2025-11-21T15:05:05.836+0100][gc,marking  ] GC(6) Concurrent Clear Claimed Marks
[2025-11-21T15:05:05.836+0100][gc,marking  ] GC(6) Concurrent Clear Claimed Marks 0.019ms
[2025-11-21T15:05:05.836+0100][gc,marking  ] GC(6) Concurrent Cleanup for Next Mark
[2025-11-21T15:05:05.836+0100][gc,marking  ] GC(6) Concurrent Cleanup for Next Mark 0.187ms
[2025-11-21T15:05:05.836+0100][gc          ] GC(6) Concurrent Mark Cycle 6.411ms
[2025-11-21T15:05:05.974+0100][gc,start    ] GC(7) Pause Young (Normal) (GCLocker Initiated GC)
[2025-11-21T15:05:05.974+0100][gc,task     ] GC(7) Using 11 workers of 11 for evacuation
[2025-11-21T15:05:05.975+0100][gc,phases   ] GC(7)   Pre Evacuate Collection Set: 0.1ms
[2025-11-21T15:05:05.975+0100][gc,phases   ] GC(7)   Merge Heap Roots: 0.0ms
[2025-11-21T15:05:05.975+0100][gc,phases   ] GC(7)   Evacuate Collection Set: 0.9ms
[2025-11-21T15:05:05.975+0100][gc,phases   ] GC(7)   Post Evacuate Collection Set: 0.2ms
[2025-11-21T15:05:05.975+0100][gc,phases   ] GC(7)   Other: 0.0ms
[2025-11-21T15:05:05.975+0100][gc,heap     ] GC(7) Eden regions: 50->0(44)
[2025-11-21T15:05:05.975+0100][gc,heap     ] GC(7) Survivor regions: 1->7(7)
[2025-11-21T15:05:05.975+0100][gc,heap     ] GC(7) Old regions: 15->17
[2025-11-21T15:05:05.975+0100][gc,heap     ] GC(7) Humongous regions: 138->138
[2025-11-21T15:05:05.975+0100][gc,metaspace] GC(7) Metaspace: 43161K(43968K)->43161K(43968K) NonClass: 38083K(38528K)->38083K(38528K) Class: 5077K(5440K)->5077K(5440K)
[2025-11-21T15:05:05.975+0100][gc          ] GC(7) Pause Young (Normal) (GCLocker Initiated GC) 203M->161M(1024M) 1.386ms
[2025-11-21T15:05:05.975+0100][gc,cpu      ] GC(7) User=0.01s Sys=0.01s Real=0.00s
[2025-11-21T15:09:05.782+0100][gc,start    ] GC(8) Pause Young (Normal) (G1 Evacuation Pause)
[2025-11-21T15:09:05.782+0100][gc,task     ] GC(8) Using 11 workers of 11 for evacuation
[2025-11-21T15:09:05.784+0100][gc,phases   ] GC(8)   Pre Evacuate Collection Set: 0.1ms
[2025-11-21T15:09:05.784+0100][gc,phases   ] GC(8)   Merge Heap Roots: 0.0ms
[2025-11-21T15:09:05.784+0100][gc,phases   ] GC(8)   Evacuate Collection Set: 1.8ms
[2025-11-21T15:09:05.784+0100][gc,phases   ] GC(8)   Post Evacuate Collection Set: 0.3ms
[2025-11-21T15:09:05.784+0100][gc,phases   ] GC(8)   Other: 0.0ms
[2025-11-21T15:09:05.784+0100][gc,heap     ] GC(8) Eden regions: 44->0(48)
[2025-11-21T15:09:05.784+0100][gc,heap     ] GC(8) Survivor regions: 7->3(7)
[2025-11-21T15:09:05.784+0100][gc,heap     ] GC(8) Old regions: 17->24
[2025-11-21T15:09:05.784+0100][gc,heap     ] GC(8) Humongous regions: 138->138
[2025-11-21T15:09:05.784+0100][gc,metaspace] GC(8) Metaspace: 46810K(47808K)->46810K(47808K) NonClass: 41274K(41856K)->41274K(41856K) Class: 5536K(5952K)->5536K(5952K)
[2025-11-21T15:09:05.784+0100][gc          ] GC(8) Pause Young (Normal) (G1 Evacuation Pause) 205M->164M(1024M) 2.451ms
[2025-11-21T15:09:05.784+0100][gc,cpu      ] GC(8) User=0.01s Sys=0.01s Real=0.00s
[2025-11-21T15:13:22.828+0100][gc,start    ] GC(9) Pause Young (Normal) (G1 Evacuation Pause)
[2025-11-21T15:13:22.828+0100][gc,task     ] GC(9) Using 11 workers of 11 for evacuation
[2025-11-21T15:13:22.836+0100][gc,phases   ] GC(9)   Pre Evacuate Collection Set: 0.6ms
[2025-11-21T15:13:22.836+0100][gc,phases   ] GC(9)   Merge Heap Roots: 0.2ms
[2025-11-21T15:13:22.836+0100][gc,phases   ] GC(9)   Evacuate Collection Set: 6.5ms
[2025-11-21T15:13:22.836+0100][gc,phases   ] GC(9)   Post Evacuate Collection Set: 0.5ms
[2025-11-21T15:13:22.836+0100][gc,phases   ] GC(9)   Other: 0.1ms
[2025-11-21T15:13:22.836+0100][gc,heap     ] GC(9) Eden regions: 48->0(46)
[2025-11-21T15:13:22.836+0100][gc,heap     ] GC(9) Survivor regions: 3->5(7)
[2025-11-21T15:13:22.836+0100][gc,heap     ] GC(9) Old regions: 24->24
[2025-11-21T15:13:22.836+0100][gc,heap     ] GC(9) Humongous regions: 139->139
[2025-11-21T15:13:22.836+0100][gc,metaspace] GC(9) Metaspace: 49484K(50560K)->49484K(50560K) NonClass: 43688K(44288K)->43688K(44288K) Class: 5795K(6272K)->5795K(6272K)
[2025-11-21T15:13:22.836+0100][gc          ] GC(9) Pause Young (Normal) (G1 Evacuation Pause) 213M->167M(1024M) 8.268ms
[2025-11-21T15:13:22.836+0100][gc,cpu      ] GC(9) User=0.03s Sys=0.00s Real=0.01s
[2025-11-21T15:18:20.979+0100][gc,start    ] GC(10) Pause Young (Normal) (G1 Evacuation Pause)
[2025-11-21T15:18:20.979+0100][gc,task     ] GC(10) Using 11 workers of 11 for evacuation
[2025-11-21T15:18:20.987+0100][gc,phases   ] GC(10)   Pre Evacuate Collection Set: 0.5ms
[2025-11-21T15:18:20.987+0100][gc,phases   ] GC(10)   Merge Heap Roots: 0.2ms
[2025-11-21T15:18:20.987+0100][gc,phases   ] GC(10)   Evacuate Collection Set: 6.0ms
[2025-11-21T15:18:20.987+0100][gc,phases   ] GC(10)   Post Evacuate Collection Set: 0.7ms
[2025-11-21T15:18:20.987+0100][gc,phases   ] GC(10)   Other: 0.1ms
[2025-11-21T15:18:20.987+0100][gc,heap     ] GC(10) Eden regions: 46->0(47)
[2025-11-21T15:18:20.987+0100][gc,heap     ] GC(10) Survivor regions: 5->4(7)
[2025-11-21T15:18:20.987+0100][gc,heap     ] GC(10) Old regions: 24->26
[2025-11-21T15:18:20.987+0100][gc,heap     ] GC(10) Humongous regions: 139->139
[2025-11-21T15:18:20.987+0100][gc,metaspace] GC(10) Metaspace: 49896K(51072K)->49896K(51072K) NonClass: 44040K(44672K)->44040K(44672K) Class: 5856K(6400K)->5856K(6400K)
[2025-11-21T15:18:20.987+0100][gc          ] GC(10) Pause Young (Normal) (G1 Evacuation Pause) 213M->168M(1024M) 7.966ms
[2025-11-21T15:18:20.987+0100][gc,cpu      ] GC(10) User=0.03s Sys=0.01s Real=0.01s
[2025-11-21T15:23:39.228+0100][gc,start    ] GC(11) Pause Young (Normal) (G1 Evacuation Pause)
[2025-11-21T15:23:39.229+0100][gc,task     ] GC(11) Using 11 workers of 11 for evacuation
[2025-11-21T15:23:39.235+0100][gc,phases   ] GC(11)   Pre Evacuate Collection Set: 0.7ms
[2025-11-21T15:23:39.235+0100][gc,phases   ] GC(11)   Merge Heap Roots: 0.1ms
[2025-11-21T15:23:39.235+0100][gc,phases   ] GC(11)   Evacuate Collection Set: 4.6ms
[2025-11-21T15:23:39.235+0100][gc,phases   ] GC(11)   Post Evacuate Collection Set: 0.4ms
[2025-11-21T15:23:39.235+0100][gc,phases   ] GC(11)   Other: 0.1ms
[2025-11-21T15:23:39.235+0100][gc,heap     ] GC(11) Eden regions: 47->0(63)
[2025-11-21T15:23:39.235+0100][gc,heap     ] GC(11) Survivor regions: 4->5(7)
[2025-11-21T15:23:39.235+0100][gc,heap     ] GC(11) Old regions: 26->26
[2025-11-21T15:23:39.235+0100][gc,heap     ] GC(11) Humongous regions: 139->139
[2025-11-21T15:23:39.235+0100][gc,metaspace] GC(11) Metaspace: 49973K(51136K)->49973K(51136K) NonClass: 44112K(44736K)->44112K(44736K) Class: 5860K(6400K)->5860K(6400K)
[2025-11-21T15:23:39.235+0100][gc          ] GC(11) Pause Young (Normal) (G1 Evacuation Pause) 215M->169M(1024M) 6.347ms
[2025-11-21T15:23:39.235+0100][gc,cpu      ] GC(11) User=0.03s Sys=0.00s Real=0.01s
[2025-11-21T15:31:02.317+0100][gc,start    ] GC(12) Pause Young (Normal) (G1 Evacuation Pause)
[2025-11-21T15:31:02.317+0100][gc,task     ] GC(12) Using 11 workers of 11 for evacuation
[2025-11-21T15:31:02.325+0100][gc,phases   ] GC(12)   Pre Evacuate Collection Set: 0.5ms
[2025-11-21T15:31:02.325+0100][gc,phases   ] GC(12)   Merge Heap Roots: 0.1ms
[2025-11-21T15:31:02.325+0100][gc,phases   ] GC(12)   Evacuate Collection Set: 6.9ms
[2025-11-21T15:31:02.325+0100][gc,phases   ] GC(12)   Post Evacuate Collection Set: 0.5ms
[2025-11-21T15:31:02.325+0100][gc,phases   ] GC(12)   Other: 0.1ms
[2025-11-21T15:31:02.325+0100][gc,heap     ] GC(12) Eden regions: 63->0(102)
[2025-11-21T15:31:02.325+0100][gc,heap     ] GC(12) Survivor regions: 5->5(9)
[2025-11-21T15:31:02.325+0100][gc,heap     ] GC(12) Old regions: 26->26
[2025-11-21T15:31:02.326+0100][gc,heap     ] GC(12) Humongous regions: 139->139
[2025-11-21T15:31:02.326+0100][gc,metaspace] GC(12) Metaspace: 50030K(51200K)->50030K(51200K) NonClass: 44170K(44800K)->44170K(44800K) Class: 5860K(6400K)->5860K(6400K)
[2025-11-21T15:31:02.326+0100][gc          ] GC(12) Pause Young (Normal) (G1 Evacuation Pause) 232M->169M(1024M) 8.518ms
[2025-11-21T15:31:02.326+0100][gc,cpu      ] GC(12) User=0.03s Sys=0.00s Real=0.01s
[2025-11-21T15:43:20.705+0100][gc,start    ] GC(13) Pause Young (Normal) (G1 Evacuation Pause)
[2025-11-21T15:43:20.706+0100][gc,task     ] GC(13) Using 11 workers of 11 for evacuation
[2025-11-21T15:43:20.714+0100][gc,phases   ] GC(13)   Pre Evacuate Collection Set: 0.5ms
[2025-11-21T15:43:20.714+0100][gc,phases   ] GC(13)   Merge Heap Roots: 0.1ms
[2025-11-21T15:43:20.714+0100][gc,phases   ] GC(13)   Evacuate Collection Set: 6.6ms
[2025-11-21T15:43:20.714+0100][gc,phases   ] GC(13)   Post Evacuate Collection Set: 0.5ms
[2025-11-21T15:43:20.714+0100][gc,phases   ] GC(13)   Other: 0.2ms
[2025-11-21T15:43:20.714+0100][gc,heap     ] GC(13) Eden regions: 102->0(185)
[2025-11-21T15:43:20.714+0100][gc,heap     ] GC(13) Survivor regions: 5->6(14)
[2025-11-21T15:43:20.714+0100][gc,heap     ] GC(13) Old regions: 26->26
[2025-11-21T15:43:20.714+0100][gc,heap     ] GC(13) Humongous regions: 139->139
[2025-11-21T15:43:20.714+0100][gc,metaspace] GC(13) Metaspace: 50055K(51200K)->50055K(51200K) NonClass: 44192K(44800K)->44192K(44800K) Class: 5862K(6400K)->5862K(6400K)
[2025-11-21T15:43:20.714+0100][gc          ] GC(13) Pause Young (Normal) (G1 Evacuation Pause) 271M->170M(1024M) 8.326ms
[2025-11-21T15:43:20.714+0100][gc,cpu      ] GC(13) User=0.03s Sys=0.00s Real=0.01s
[2025-11-21T16:01:24.391+0100][gc,start    ] GC(14) Pause Young (Normal) (G1 Evacuation Pause)
[2025-11-21T16:01:24.391+0100][gc,task     ] GC(14) Using 11 workers of 11 for evacuation
[2025-11-21T16:01:24.397+0100][gc,phases   ] GC(14)   Pre Evacuate Collection Set: 0.4ms
[2025-11-21T16:01:24.397+0100][gc,phases   ] GC(14)   Merge Heap Roots: 0.1ms
[2025-11-21T16:01:24.397+0100][gc,phases   ] GC(14)   Evacuate Collection Set: 4.5ms
[2025-11-21T16:01:24.397+0100][gc,phases   ] GC(14)   Post Evacuate Collection Set: 0.3ms
[2025-11-21T16:01:24.397+0100][gc,phases   ] GC(14)   Other: 0.1ms
[2025-11-21T16:01:24.397+0100][gc,heap     ] GC(14) Eden regions: 185->0(317)
[2025-11-21T16:01:24.397+0100][gc,heap     ] GC(14) Survivor regions: 6->9(24)
[2025-11-21T16:01:24.397+0100][gc,heap     ] GC(14) Old regions: 26->26
[2025-11-21T16:01:24.397+0100][gc,heap     ] GC(14) Humongous regions: 141->141
[2025-11-21T16:01:24.397+0100][gc,metaspace] GC(14) Metaspace: 50670K(51840K)->50670K(51840K) NonClass: 44700K(45376K)->44700K(45376K) Class: 5970K(6464K)->5970K(6464K)
[2025-11-21T16:01:24.397+0100][gc          ] GC(14) Pause Young (Normal) (G1 Evacuation Pause) 357M->175M(1024M) 5.646ms
[2025-11-21T16:01:24.397+0100][gc,cpu      ] GC(14) User=0.03s Sys=0.01s Real=0.00s
[2025-11-21T16:28:56.077+0100][gc,start    ] GC(15) Pause Young (Normal) (G1 Evacuation Pause)
[2025-11-21T16:28:56.077+0100][gc,task     ] GC(15) Using 11 workers of 11 for evacuation
[2025-11-21T16:28:56.087+0100][gc,phases   ] GC(15)   Pre Evacuate Collection Set: 0.5ms
[2025-11-21T16:28:56.088+0100][gc,phases   ] GC(15)   Merge Heap Roots: 0.1ms
[2025-11-21T16:28:56.088+0100][gc,phases   ] GC(15)   Evacuate Collection Set: 8.5ms
[2025-11-21T16:28:56.088+0100][gc,phases   ] GC(15)   Post Evacuate Collection Set: 0.7ms
[2025-11-21T16:28:56.088+0100][gc,phases   ] GC(15)   Other: 0.2ms
[2025-11-21T16:28:56.088+0100][gc,heap     ] GC(15) Eden regions: 301->0(309)
[2025-11-21T16:28:56.088+0100][gc,heap     ] GC(15) Survivor regions: 9->10(39)
[2025-11-21T16:28:56.088+0100][gc,heap     ] GC(15) Old regions: 26->26
[2025-11-21T16:28:56.088+0100][gc,heap     ] GC(15) Humongous regions: 151->151
[2025-11-21T16:28:56.088+0100][gc,metaspace] GC(15) Metaspace: 51149K(52352K)->51149K(52352K) NonClass: 45140K(45824K)->45140K(45824K) Class: 6008K(6528K)->6008K(6528K)
[2025-11-21T16:28:56.088+0100][gc          ] GC(15) Pause Young (Normal) (G1 Evacuation Pause) 486M->186M(1024M) 10.479ms
[2025-11-21T16:28:56.088+0100][gc,cpu      ] GC(15) User=0.04s Sys=0.01s Real=0.01s
